../Core/Src/main.c:102:5:main	40	static
../Core/Src/main.c:207:6:SystemClock_Config	112	static
../Core/Src/main.c:255:13:MX_ADC_Init	24	static
../Core/Src/main.c:309:13:MX_USART3_UART_Init	8	static
../Core/Src/main.c:342:13:MX_DMA_Init	16	static
../Core/Src/main.c:360:13:MX_GPIO_Init	48	static
../Core/Src/main.c:400:6:ESP_INIT	32	static
../Core/Src/main.c:434:6:ESP_Check_AT	32	static
../Core/Src/main.c:444:6:ESP_AT_Send	40	static
../Core/Src/main.c:475:6:Error_Handler	8	static,ignoring_inline_asm
