../Middlewares/Third_Party/NimaLTD_Driver/ATC/atc.c:47:7:ATC_Malloc	8	static
../Middlewares/Third_Party/NimaLTD_Driver/ATC/atc.c:62:6:ATC_Free	8	static
../Middlewares/Third_Party/NimaLTD_Driver/ATC/atc.c:79:6:ATC_RxFlush	8	static
../Middlewares/Third_Party/NimaLTD_Driver/ATC/atc.c:87:6:ATC_TxRaw	8	static
../Middlewares/Third_Party/NimaLTD_Driver/ATC/atc.c:114:6:ATC_TxBusy	8	static
../Middlewares/Third_Party/NimaLTD_Driver/ATC/atc.c:128:6:ATC_TxWait	16	static
../Middlewares/Third_Party/NimaLTD_Driver/ATC/atc.c:156:6:ATC_CheckEvents	16	static
../Middlewares/Third_Party/NimaLTD_Driver/ATC/atc.c:174:9:ATC_CheckResponse	32	static
../Middlewares/Third_Party/NimaLTD_Driver/ATC/atc.c:198:6:ATC_CheckErrors	8	static
../Middlewares/Third_Party/NimaLTD_Driver/ATC/atc.c:219:6:ATC_TempCallback	0	static
../Middlewares/Third_Party/NimaLTD_Driver/ATC/atc.c:236:6:ATC_Init	24	static
../Middlewares/Third_Party/NimaLTD_Driver/ATC/atc.c:319:6:ATC_DeInit	8	static
../Middlewares/Third_Party/NimaLTD_Driver/ATC/atc.c:346:6:ATC_SetEvents	0	static
../Middlewares/Third_Party/NimaLTD_Driver/ATC/atc.c:379:6:ATC_Loop	8	static
../Middlewares/Third_Party/NimaLTD_Driver/ATC/atc.c:398:5:ATC_SendReceive	56	static
../Middlewares/Third_Party/NimaLTD_Driver/ATC/atc.c:478:6:ATC_Send	24	static
../Middlewares/Third_Party/NimaLTD_Driver/ATC/atc.c:523:5:ATC_Receive	44	static
../Middlewares/Third_Party/NimaLTD_Driver/ATC/atc.c:581:13:ATC_IdleLineCallback	16	static
../Middlewares/Third_Party/NimaLTD_Driver/ATC/atc.c:617:6:ATC_Delay	8	static
